// Jest Snapshot v1, https://goo.gl/fbAQLP

exports[`default tests for CustomButton should render without errors 1`] = `
<DocumentFragment>
  .c0 {
  min-width: 11rem;
  padding: 1rem;
  cursor: pointer;
  text-transform: uppercase;
  font-family: inherit;
  font-size: 1.4rem;
  font-weight: bold;
  border: 0.1rem solid white;
  background-color: var(--prim);
  color: white;
  outline: none;
  -webkit-transition: all 0.3s ease-out;
  transition: all 0.3s ease-out;
}

.c0:hover,
.c0:active {
  background-color: var(--sec);
  -webkit-transition: var(--btnTrans);
  transition: var(--btnTrans);
}

<button
    class="c0"
    data-testid="container"
    type="button"
  />
</DocumentFragment>
`;
